NOT READY — 5 reasons

  1. Bug register open P0/P1: 1 open blocking bug (0 P0 · 1 P1) — qa/bugs must be clear of P0/P1
  2. Green Guardian last cycle: no guardian cycle recorded — run `npm run qa:guardian`
  3. Journey corps last run: journeys did not run on the exact current trunk (43a59104 vs 8e182efa)
  4. Beginner Run last result: no Beginner Run recorded — run `npm run qa:beginner`
  5. Installed-exe smoke: installed app unverified — no installed-exe smoke stamp (the rc-soak runner has not written qa/installed/last-smoke.json)

receipts:
  [PASS] Ledger open P0/P1
        artifact: qa/findings/ (via ledger.mjs)
        value:    0 P0 · 0 P1 · 0 P2
        → no open P0/P1 findings
  [FAIL] Bug register open P0/P1
        artifact: qa/bugs/ (via bugs.mjs)
        value:    0 P0 · 1 P1 · 7 P2
        → 1 open blocking bug (0 P0 · 1 P1) — qa/bugs must be clear of P0/P1
  [FAIL] Green Guardian last cycle
        artifact: qa/guardian-last-cycle.json
        value:    MISSING
        → no guardian cycle recorded — run `npm run qa:guardian`
  [FAIL] Journey corps last run
        artifact: qa/journeys-last-run.json
        stamp:    2026-09-19T18:16:41.955Z
        value:    PASS · 139/139 assertions
        → journeys did not run on the exact current trunk (43a59104 vs 8e182efa)
  [FAIL] Beginner Run last result
        artifact: qa/beginner-last-run.json
        value:    MISSING
        → no Beginner Run recorded — run `npm run qa:beginner`
  [FAIL] Installed-exe smoke
        artifact: qa/installed/last-smoke.json
        value:    MISSING
        → installed app unverified — no installed-exe smoke stamp (the rc-soak runner has not written qa/installed/last-smoke.json)

trunk feat/harness-backend @ 8e182efa · generated 2026-09-19T18:25:11.145Z
