{
  "id": "ws_mu8uqcewdvka",
  "neighbor": "ws_mu8uqcewgowc",
  "delayedVisible": true,
  "beforeHistoryReady": 0,
  "modelContext": true,
  "promptLast": true,
  "draftProtected": true,
  "focusProtected": true,
  "unavailableProtected": true,
  "retryOnce": true,
  "partialProtected": true,
  "failedSave": false,
  "localRetained": true,
  "saved": true,
  "diagnostics": [
    {
      "at": 1789850426614,
      "session": 1,
      "event": "session-selected"
    },
    {
      "at": 1789850426661,
      "session": 1,
      "event": "history-loading"
    },
    {
      "at": 1789850427224,
      "session": 2,
      "event": "session-selected"
    },
    {
      "at": 1789850427233,
      "session": 2,
      "event": "history-loading"
    },
    {
      "at": 1789850427427,
      "session": 1,
      "event": "history-loaded"
    },
    {
      "at": 1789850427723,
      "session": 2,
      "event": "history-loaded"
    },
    {
      "at": 1789850427929,
      "session": 3,
      "event": "session-selected"
    },
    {
      "at": 1789850427935,
      "session": 3,
      "event": "history-loading"
    },
    {
      "at": 1789850427936,
      "session": 2,
      "event": "session-selected"
    },
    {
      "at": 1789850427945,
      "session": 2,
      "event": "history-loading"
    },
    {
      "at": 1789850428224,
      "session": 2,
      "event": "history-loaded"
    },
    {
      "at": 1789850428224,
      "session": 2,
      "event": "send-history-ready"
    },
    {
      "at": 1789850428285,
      "session": 3,
      "event": "history-loaded"
    },
    {
      "at": 1789850428620,
      "session": 2,
      "event": "session-selected"
    },
    {
      "at": 1789850428637,
      "session": 2,
      "event": "history-loading"
    },
    {
      "at": 1789850428641,
      "session": 3,
      "event": "session-selected"
    },
    {
      "at": 1789850428641,
      "session": 3,
      "event": "history-loading"
    },
    {
      "at": 1789850428710,
      "session": 2,
      "event": "history-loaded"
    },
    {
      "at": 1789850428710,
      "session": 2,
      "event": "send-history-ready"
    },
    {
      "at": 1789850428715,
      "session": 2,
      "event": "session-selected"
    },
    {
      "at": 1789850428738,
      "session": 2,
      "event": "history-loading"
    },
    {
      "at": 1789850428741,
      "session": 2,
      "event": "history-unavailable"
    },
    {
      "at": 1789850428741,
      "session": 2,
      "event": "send-held-history-unavailable"
    },
    {
      "at": 1789850428826,
      "session": 2,
      "event": "history-loading"
    },
    {
      "at": 1789850428934,
      "session": 2,
      "event": "history-loaded"
    },
    {
      "at": 1789850428935,
      "session": 2,
      "event": "send-history-ready"
    },
    {
      "at": 1789850428955,
      "session": 2,
      "event": "send-history-ready"
    },
    {
      "at": 1789850428969,
      "session": 3,
      "event": "history-loaded"
    }
  ],
  "history": [
    {
      "role": "user",
      "content": "Remember the launch code: ORBIT-17"
    },
    {
      "role": "assistant",
      "content": "I have the launch code."
    },
    {
      "role": "user",
      "content": "The destination is Europa."
    },
    {
      "role": "assistant",
      "content": "Europa is the destination."
    },
    {
      "role": "user",
      "content": "Change destination to Titan."
    },
    {
      "role": "assistant",
      "content": "Titan is now the destination."
    },
    {
      "role": "user",
      "content": "What destination did we choose?"
    },
    {
      "role": "assistant",
      "content": "Continuity checked."
    },
    {
      "role": "user",
      "content": "Stay bound to A while I read B"
    },
    {
      "role": "assistant",
      "content": "Continuity checked."
    },
    {
      "role": "user",
      "content": "Preserve this message through a failed restore"
    },
    {
      "role": "assistant",
      "content": "⚠ Conversation history could not be restored. Your message is kept; try again when the connection returns."
    },
    {
      "role": "assistant",
      "content": "Continuity checked."
    },
    {
      "role": "user",
      "content": "Retain a partial reply"
    },
    {
      "role": "assistant",
      "content": "Continuity checked."
    },
    {
      "role": "assistant",
      "content": "⚠ The reply stream stopped before it finished — StarNet's local service answered a health check, so the app itself is running; this was the connection carrying the reply. Try again."
    }
  ],
  "draft": ""
}
session-reliability: PASS (delayed restore, context, durable save, process restart)
