node:assert:150
  throw new AssertionError(obj);
  ^

AssertionError [ERR_ASSERTION]: uncertain EACCES must never authorize taking a workspace

false !== true

    at Object.<anonymous> (C:\Users\andro\gen-trees\reliability-audit-0919\test\workspace-probe-errors.test.js:8:12)
    at Module._compile (node:internal/modules/cjs/loader:1781:14)
    at Object..js (node:internal/modules/cjs/loader:1913:10)
    at Module.load (node:internal/modules/cjs/loader:1505:32)
    at Function._load (node:internal/modules/cjs/loader:1309:12)
    at wrapModuleLoad (node:internal/modules/cjs/loader:254:19)
    at Function.executeUserEntryPoint [as runMain] (node:internal/modules/run_main:171:5)
    at node:internal/main/run_main_module:36:49 {
  generatedMessage: false,
  code: 'ERR_ASSERTION',
  actual: false,
  expected: true,
  operator: 'strictEqual',
  diff: 'simple'
}

Node.js v22.23.0
